START header

gEDA's netlist format
Created specifically for testing of gnetlist

END header

START graphical symbols

Component without refdes: title-B.sym at ((40000 . 51000) 57000 . 40000)

END graphical symbols

START components

R1 device=RESISTOR
R2 device=RESISTOR
R3 device=RESISTOR

END components

START "no-connect" nets

bad_net
unnamed_net1

END "no-connect" nets

START renamed-nets


END renamed-nets

START nets

GND : R1 1, R2 1, R3 1

END nets

