LIBRARY ieee,disciplines;
USE ieee.math_real.all;
USE ieee.math_real.all;
USE work.electrical_system.all;
USE work.all;
	 PORT (		unknown 	1 	:  	unknown;
			unknown 	2 	:  	unknown;
			unknown 	7 	:  	unknown;
			unknown 	14 	:  	unknown );
#t
-- Entity declaration --

ENTITY 7404 IS
	 GENERIC (	device : REAL := 7404;
			footprint : REAL := DIP14 );
#<unspecified>
END ENTITY 7404;

